Processing: mVenus-Con-rep5_L1_R1
normalization: CPM
bamFilesList: ['/work/pa-hilario/clipseq/20260326/CTL/output/mVenus-Con-rep5_L1_R1.genome.Aligned.sort.dedup.bam']
binLength: 1
numberOfSamples: None
blackListFileName: None
skipZeroOverZero: False
bed_and_bin: False
genomeChunkSize: None
defaultFragmentLength: read length
numberOfProcessors: 48
verbose: False
region: None
bedFile: None
minMappingQuality: None
ignoreDuplicates: False
chrsToSkip: []
stepSize: 1
center_read: False
samFlag_include: None
samFlag_exclude: None
minFragmentLength: 0
maxFragmentLength: 0
zerosToNans: False
smoothLength: None
save_data: False
out_file_for_raw_data: None
maxPairedFragmentLength: 1000
filter_strand: reverse
Offset: [1]
Due to filtering, 73.69459490028025% of the aforementioned alignments will be used 57771.4037801767
normalization: CPM
bamFilesList: ['/work/pa-hilario/clipseq/20260326/CTL/output/mVenus-Con-rep5_L1_R1.genome.Aligned.sort.dedup.bam']
binLength: 1
numberOfSamples: None
blackListFileName: None
skipZeroOverZero: False
bed_and_bin: False
genomeChunkSize: None
defaultFragmentLength: read length
numberOfProcessors: 48
verbose: False
region: None
bedFile: None
minMappingQuality: None
ignoreDuplicates: False
chrsToSkip: []
stepSize: 1
center_read: False
samFlag_include: None
samFlag_exclude: None
minFragmentLength: 0
maxFragmentLength: 0
zerosToNans: False
smoothLength: None
save_data: False
out_file_for_raw_data: None
maxPairedFragmentLength: 1000
filter_strand: forward
Offset: [1]
Due to filtering, 26.30540509971976% of the aforementioned alignments will be used 20621.59621982331
Done: mVenus-Con-rep5_L1_R1
Processing: mVenus-Con-rep6_L2_R1
normalization: CPM
bamFilesList: ['/work/pa-hilario/clipseq/20260326/CTL/output/mVenus-Con-rep6_L2_R1.genome.Aligned.sort.dedup.bam']
binLength: 1
numberOfSamples: None
blackListFileName: None
skipZeroOverZero: False
bed_and_bin: False
genomeChunkSize: None
defaultFragmentLength: read length
numberOfProcessors: 48
verbose: False
region: None
bedFile: None
minMappingQuality: None
ignoreDuplicates: False
chrsToSkip: []
stepSize: 1
center_read: False
samFlag_include: None
samFlag_exclude: None
minFragmentLength: 0
maxFragmentLength: 0
zerosToNans: False
smoothLength: None
save_data: False
out_file_for_raw_data: None
maxPairedFragmentLength: 1000
filter_strand: reverse
Offset: [1]
Due to filtering, 90.06776980289698% of the aforementioned alignments will be used 176103.20555171827
normalization: CPM
bamFilesList: ['/work/pa-hilario/clipseq/20260326/CTL/output/mVenus-Con-rep6_L2_R1.genome.Aligned.sort.dedup.bam']
binLength: 1
numberOfSamples: None
blackListFileName: None
skipZeroOverZero: False
bed_and_bin: False
genomeChunkSize: None
defaultFragmentLength: read length
numberOfProcessors: 48
verbose: False
region: None
bedFile: None
minMappingQuality: None
ignoreDuplicates: False
chrsToSkip: []
stepSize: 1
center_read: False
samFlag_include: None
samFlag_exclude: None
minFragmentLength: 0
maxFragmentLength: 0
zerosToNans: False
smoothLength: None
save_data: False
out_file_for_raw_data: None
maxPairedFragmentLength: 1000
filter_strand: forward
Offset: [1]
Due to filtering, 9.93223019710302% of the aforementioned alignments will be used 19419.794448281737
Done: mVenus-Con-rep6_L2_R1
Processing: SNRNP70-Con-rep1_L1_R1
normalization: CPM
bamFilesList: ['/work/pa-hilario/clipseq/20260326/CTL/output/SNRNP70-Con-rep1_L1_R1.genome.Aligned.sort.dedup.bam']
binLength: 1
numberOfSamples: None
blackListFileName: None
skipZeroOverZero: False
bed_and_bin: False
genomeChunkSize: None
defaultFragmentLength: read length
numberOfProcessors: 48
verbose: False
region: None
bedFile: None
minMappingQuality: None
ignoreDuplicates: False
chrsToSkip: []
stepSize: 1
center_read: False
samFlag_include: None
samFlag_exclude: None
minFragmentLength: 0
maxFragmentLength: 0
zerosToNans: False
smoothLength: None
save_data: False
out_file_for_raw_data: None
maxPairedFragmentLength: 1000
filter_strand: reverse
Offset: [1]
Due to filtering, 57.69456963731614% of the aforementioned alignments will be used 915289.1536085418
normalization: CPM
bamFilesList: ['/work/pa-hilario/clipseq/20260326/CTL/output/SNRNP70-Con-rep1_L1_R1.genome.Aligned.sort.dedup.bam']
binLength: 1
numberOfSamples: None
blackListFileName: None
skipZeroOverZero: False
bed_and_bin: False
genomeChunkSize: None
defaultFragmentLength: read length
numberOfProcessors: 48
verbose: False
region: None
bedFile: None
minMappingQuality: None
ignoreDuplicates: False
chrsToSkip: []
stepSize: 1
center_read: False
samFlag_include: None
samFlag_exclude: None
minFragmentLength: 0
maxFragmentLength: 0
zerosToNans: False
smoothLength: None
save_data: False
out_file_for_raw_data: None
maxPairedFragmentLength: 1000
filter_strand: forward
Offset: [1]
Due to filtering, 42.30543036268385% of the aforementioned alignments will be used 671149.8463914581
Done: SNRNP70-Con-rep1_L1_R1
Processing: SNRNP70-Con-rep2_L2_R1
normalization: CPM
bamFilesList: ['/work/pa-hilario/clipseq/20260326/CTL/output/SNRNP70-Con-rep2_L2_R1.genome.Aligned.sort.dedup.bam']
binLength: 1
numberOfSamples: None
blackListFileName: None
skipZeroOverZero: False
bed_and_bin: False
genomeChunkSize: None
defaultFragmentLength: read length
numberOfProcessors: 48
verbose: False
region: None
bedFile: None
minMappingQuality: None
ignoreDuplicates: False
chrsToSkip: []
stepSize: 1
center_read: False
samFlag_include: None
samFlag_exclude: None
minFragmentLength: 0
maxFragmentLength: 0
zerosToNans: False
smoothLength: None
save_data: False
out_file_for_raw_data: None
maxPairedFragmentLength: 1000
filter_strand: reverse
Offset: [1]
Due to filtering, 74.75278854886439% of the aforementioned alignments will be used 1684199.014203052
normalization: CPM
bamFilesList: ['/work/pa-hilario/clipseq/20260326/CTL/output/SNRNP70-Con-rep2_L2_R1.genome.Aligned.sort.dedup.bam']
binLength: 1
numberOfSamples: None
blackListFileName: None
skipZeroOverZero: False
bed_and_bin: False
genomeChunkSize: None
defaultFragmentLength: read length
numberOfProcessors: 48
verbose: False
region: None
bedFile: None
minMappingQuality: None
ignoreDuplicates: False
chrsToSkip: []
stepSize: 1
center_read: False
samFlag_include: None
samFlag_exclude: None
minFragmentLength: 0
maxFragmentLength: 0
zerosToNans: False
smoothLength: None
save_data: False
out_file_for_raw_data: None
maxPairedFragmentLength: 1000
filter_strand: forward
Offset: [1]
Due to filtering, 25.24721145113561% of the aforementioned alignments will be used 568825.9857969481
Done: SNRNP70-Con-rep2_L2_R1
Processing: mVenus-Sorbitol-rep5_L1_R1
normalization: CPM
bamFilesList: ['/work/pa-hilario/clipseq/20260326/OSM/output/mVenus-Sorbitol-rep5_L1_R1.genome.Aligned.sort.dedup.bam']
binLength: 1
numberOfSamples: None
blackListFileName: None
skipZeroOverZero: False
bed_and_bin: False
genomeChunkSize: None
defaultFragmentLength: read length
numberOfProcessors: 48
verbose: False
region: None
bedFile: None
minMappingQuality: None
ignoreDuplicates: False
chrsToSkip: []
stepSize: 1
center_read: False
samFlag_include: None
samFlag_exclude: None
minFragmentLength: 0
maxFragmentLength: 0
zerosToNans: False
smoothLength: None
save_data: False
out_file_for_raw_data: None
maxPairedFragmentLength: 1000
filter_strand: reverse
Offset: [1]
Due to filtering, 79.57822387359397% of the aforementioned alignments will be used 122474.86545265479
normalization: CPM
bamFilesList: ['/work/pa-hilario/clipseq/20260326/OSM/output/mVenus-Sorbitol-rep5_L1_R1.genome.Aligned.sort.dedup.bam']
binLength: 1
numberOfSamples: None
blackListFileName: None
skipZeroOverZero: False
bed_and_bin: False
genomeChunkSize: None
defaultFragmentLength: read length
numberOfProcessors: 48
verbose: False
region: None
bedFile: None
minMappingQuality: None
ignoreDuplicates: False
chrsToSkip: []
stepSize: 1
center_read: False
samFlag_include: None
samFlag_exclude: None
minFragmentLength: 0
maxFragmentLength: 0
zerosToNans: False
smoothLength: None
save_data: False
out_file_for_raw_data: None
maxPairedFragmentLength: 1000
filter_strand: forward
Offset: [1]
Due to filtering, 20.421776126406023% of the aforementioned alignments will be used 31430.134547345187
Done: mVenus-Sorbitol-rep5_L1_R1
Processing: mVenus-Sorbitol-rep6_L2_R1
normalization: CPM
bamFilesList: ['/work/pa-hilario/clipseq/20260326/OSM/output/mVenus-Sorbitol-rep6_L2_R1.genome.Aligned.sort.dedup.bam']
binLength: 1
numberOfSamples: None
blackListFileName: None
skipZeroOverZero: False
bed_and_bin: False
genomeChunkSize: None
defaultFragmentLength: read length
numberOfProcessors: 48
verbose: False
region: None
bedFile: None
minMappingQuality: None
ignoreDuplicates: False
chrsToSkip: []
stepSize: 1
center_read: False
samFlag_include: None
samFlag_exclude: None
minFragmentLength: 0
maxFragmentLength: 0
zerosToNans: False
smoothLength: None
save_data: False
out_file_for_raw_data: None
maxPairedFragmentLength: 1000
filter_strand: reverse
Offset: [1]
Due to filtering, 98.62182310660542% of the aforementioned alignments will be used 1363839.2193047842
normalization: CPM
bamFilesList: ['/work/pa-hilario/clipseq/20260326/OSM/output/mVenus-Sorbitol-rep6_L2_R1.genome.Aligned.sort.dedup.bam']
binLength: 1
numberOfSamples: None
blackListFileName: None
skipZeroOverZero: False
bed_and_bin: False
genomeChunkSize: None
defaultFragmentLength: read length
numberOfProcessors: 48
verbose: False
region: None
bedFile: None
minMappingQuality: None
ignoreDuplicates: False
chrsToSkip: []
stepSize: 1
center_read: False
samFlag_include: None
samFlag_exclude: None
minFragmentLength: 0
maxFragmentLength: 0
zerosToNans: False
smoothLength: None
save_data: False
out_file_for_raw_data: None
maxPairedFragmentLength: 1000
filter_strand: forward
Offset: [1]
Due to filtering, 1.3781768933945782% of the aforementioned alignments will be used 19058.780695215755
Done: mVenus-Sorbitol-rep6_L2_R1
Processing: SNRNP70-Sorbitol-rep1_L1_R1
normalization: CPM
bamFilesList: ['/work/pa-hilario/clipseq/20260326/OSM/output/SNRNP70-Sorbitol-rep1_L1_R1.genome.Aligned.sort.dedup.bam']
binLength: 1
numberOfSamples: None
blackListFileName: None
skipZeroOverZero: False
bed_and_bin: False
genomeChunkSize: None
defaultFragmentLength: read length
numberOfProcessors: 48
verbose: False
region: None
bedFile: None
minMappingQuality: None
ignoreDuplicates: False
chrsToSkip: []
stepSize: 1
center_read: False
samFlag_include: None
samFlag_exclude: None
minFragmentLength: 0
maxFragmentLength: 0
zerosToNans: False
smoothLength: None
save_data: False
out_file_for_raw_data: None
maxPairedFragmentLength: 1000
filter_strand: reverse
Offset: [1]
Due to filtering, 78.85544548799703% of the aforementioned alignments will be used 1965258.2805310537
normalization: CPM
bamFilesList: ['/work/pa-hilario/clipseq/20260326/OSM/output/SNRNP70-Sorbitol-rep1_L1_R1.genome.Aligned.sort.dedup.bam']
binLength: 1
numberOfSamples: None
blackListFileName: None
skipZeroOverZero: False
bed_and_bin: False
genomeChunkSize: None
defaultFragmentLength: read length
numberOfProcessors: 48
verbose: False
region: None
bedFile: None
minMappingQuality: None
ignoreDuplicates: False
chrsToSkip: []
stepSize: 1
center_read: False
samFlag_include: None
samFlag_exclude: None
minFragmentLength: 0
maxFragmentLength: 0
zerosToNans: False
smoothLength: None
save_data: False
out_file_for_raw_data: None
maxPairedFragmentLength: 1000
filter_strand: forward
Offset: [1]
Due to filtering, 21.144554512002966% of the aforementioned alignments will be used 526970.7194689465
Done: SNRNP70-Sorbitol-rep1_L1_R1
Processing: SNRNP70-Sorbitol-rep2_L2_R1
normalization: CPM
bamFilesList: ['/work/pa-hilario/clipseq/20260326/OSM/output/SNRNP70-Sorbitol-rep2_L2_R1.genome.Aligned.sort.dedup.bam']
binLength: 1
numberOfSamples: None
blackListFileName: None
skipZeroOverZero: False
bed_and_bin: False
genomeChunkSize: None
defaultFragmentLength: read length
numberOfProcessors: 48
verbose: False
region: None
bedFile: None
minMappingQuality: None
ignoreDuplicates: False
chrsToSkip: []
stepSize: 1
center_read: False
samFlag_include: None
samFlag_exclude: None
minFragmentLength: 0
maxFragmentLength: 0
zerosToNans: False
smoothLength: None
save_data: False
out_file_for_raw_data: None
maxPairedFragmentLength: 1000
filter_strand: reverse
Offset: [1]
Due to filtering, 68.22521361401499% of the aforementioned alignments will be used 799929.0313380114
normalization: CPM
bamFilesList: ['/work/pa-hilario/clipseq/20260326/OSM/output/SNRNP70-Sorbitol-rep2_L2_R1.genome.Aligned.sort.dedup.bam']
binLength: 1
numberOfSamples: None
blackListFileName: None
skipZeroOverZero: False
bed_and_bin: False
genomeChunkSize: None
defaultFragmentLength: read length
numberOfProcessors: 48
verbose: False
region: None
bedFile: None
minMappingQuality: None
ignoreDuplicates: False
chrsToSkip: []
stepSize: 1
center_read: False
samFlag_include: None
samFlag_exclude: None
minFragmentLength: 0
maxFragmentLength: 0
zerosToNans: False
smoothLength: None
save_data: False
out_file_for_raw_data: None
maxPairedFragmentLength: 1000
filter_strand: forward
Offset: [1]
Due to filtering, 31.77478638598501% of the aforementioned alignments will be used 372553.9686619886
Done: SNRNP70-Sorbitol-rep2_L2_R1
All bigWigs complete.
