# packages in environment at /work/pa-hilario/anaconda3/envs/clipper3:
#
# Name                    Version                   Build  Channel
_libgcc_mutex             0.1                        main  
_openmp_mutex             4.5                  7_kmp_llvm    conda-forge
bedtools                  2.29.2               hc088bd4_0    bioconda
binutils_impl_linux-64    2.33.1               he1b5a44_7    conda-forge
binutils_linux-64         2.33.1              h9595d00_17    conda-forge
blas                      1.0                         mkl  
bzip2                     1.0.8                h7b6447c_0  
ca-certificates           2026.2.25            hbd8a1cb_0    conda-forge
certifi                   2024.8.30          pyhd8ed1ab_0    conda-forge
clipper                   2.1.2                    pypi_0    pypi
curl                      7.71.0               hbc83047_0  
cycler                    0.10.0                   py37_0  
cython                    0.29.20          py37he6710b0_0  
dbus                      1.13.16              hb2f20db_0  
expat                     2.2.9                he6710b0_2  
fontconfig                2.13.0               h9420a91_0  
freetype                  2.10.2               h5ab3b9f_0  
gcc_impl_linux-64         7.3.0                habb00fd_1  
gcc_linux-64              7.3.0               h553295d_17    conda-forge
glib                      2.65.0               h3eb4bd4_0  
gst-plugins-base          1.14.0               hbbd80ab_1  
gstreamer                 1.14.0               hb31296c_0  
gxx_impl_linux-64         7.3.0                hdf63c60_1  
gxx_linux-64              7.3.0               h553295d_17    conda-forge
htseq                     0.11.3           py37hb3f55d8_0    bioconda
icu                       58.2                 he6710b0_3  
intel-openmp              2020.1                      217  
joblib                    0.15.1                     py_0    conda-forge
jpeg                      9b                   h024ee3a_2  
kiwisolver                1.2.0            py37hfd86e86_0  
krb5                      1.18.2               h173b8e3_0  
ld_impl_linux-64          2.33.1               h53a641e_7  
libcurl                   7.71.0               h20c2e04_0  
libdeflate                1.0                  h14c3975_1    bioconda
libedit                   3.1.20191231         h7b6447c_0  
libffi                    3.3                  he6710b0_1  
libgcc                    7.2.0                h69d50b8_2    conda-forge
libgcc-ng                 9.1.0                hdf63c60_0  
libgfortran-ng            7.3.0                hdf63c60_0  
libpng                    1.6.37               hbc83047_0  
libssh2                   1.9.0                h1ba5d50_1  
libstdcxx-ng              9.1.0                hdf63c60_0  
libuuid                   1.0.3                h1bed415_2  
libxcb                    1.13                 h1bed415_1  
libxml2                   2.9.10               he19cac6_1  
llvm-openmp               20.1.8               h4922eb0_0    conda-forge
matplotlib                3.2.2                         0  
matplotlib-base           3.2.2            py37hef1b27d_0  
mkl                       2020.1                      217  
mkl-service               2.3.0            py37he904b0f_0  
mkl_fft                   1.1.0            py37h23d657b_0  
mkl_random                1.1.1            py37h0573a6f_0  
ncurses                   6.2                  he6710b0_1  
numpy                     1.18.5           py37ha1c710e_0  
numpy-base                1.18.5           py37hde5b4d6_0  
openssl                   1.1.1h               h516909a_0    conda-forge
pandas                    1.0.5            py37h0573a6f_0  
pcre                      8.44                 he6710b0_0  
pip                       20.1.1                   py37_1  
pybedtools                0.8.1            py37h4ef193e_1    bioconda
pyparsing                 2.4.7                      py_0  
pyqt                      5.9.2            py37h05f1152_2  
pysam                     0.15.3           py37hda2845c_1    bioconda
python                    3.7.7                hcff3b4d_5  
python-dateutil           2.8.1                      py_0    conda-forge
python_abi                3.7                     1_cp37m    conda-forge
pytz                      2020.1                     py_0  
qt                        5.9.7                h5867ecd_1  
readline                  8.0                  h7b6447c_0  
samtools                  1.7                           1    bioconda
scikit-learn              0.23.1           py37h423224d_0  
scipy                     1.5.0            py37h0b6359f_0  
setuptools                47.3.1                   py37_0  
sip                       4.19.8           py37hf484d3e_0  
six                       1.15.0                     py_0  
sqlite                    3.32.3               h62c20be_0  
threadpoolctl             2.1.0              pyh5ca1d4c_0    conda-forge
tk                        8.6.10               hbc83047_0  
tornado                   6.0.4            py37h7b6447c_1  
wheel                     0.34.2                   py37_0  
xz                        5.2.5                h7b6447c_0  
zlib                      1.2.11               h7b6447c_3  
{'bam': 'output/mVenus-SA-rep6_L2_R1.genome.Aligned.sort.dedup.bam', 'species': 'GRCh38v35noalt', 'outfileF': 'output/mVenus-SA-rep6_L2_R1.peaks.bed', 'gene': None, 'minreads': 3, 'poisson_cutoff': 0.05, 'use_global_cutoff': True, 'FDR_alpha': 0.05, 'binom': 0.05, 'threshold': None, 'maxgenes': None, 'np': '52', 'plotit': False, 'verbose': True, 'quiet': False, 'save_pickle': False, 'debug': False, 'max_gap': 15, 'timeout': None, 'datadir': '/work/pa-hilario/anaconda3/envs/clipper3/lib/python3.7/site-packages/clipper/data', 'premRNA': True, 'gtfFile': None, 'method': 'binomial', 'SloP': True, 'bonferroni_correct': True, 'algorithm': 'spline', 'reverse_strand': False, 'max_width': 75, 'min_width': 50}
